C51 COMPILER V9.59.0.0   I2C                                                               12/09/2022 23:14:07 PAGE 1   


C51 COMPILER V9.59.0.0, COMPILATION OF MODULE I2C
OBJECT MODULE PLACED IN .\Objects\I2C.obj
COMPILER INVOKED BY: D:\Keil5\C51\BIN\C51.EXE I2C.c OPTIMIZE(9,SPEED) BROWSE DEBUG OBJECTEXTEND PRINT(.\Listings\I2C.lst
                    -) OBJECT(.\Objects\I2C.obj)

line level    source

   1          #include <REGX52.H>
   2          #include "Delay.h"
   3          
   4          #define uchar unsigned char
   5                  
   6          sbit I2C_SCL = P2^1;
   7          sbit I2C_SDA = P2^0;
   8          
   9          /**
  10            * @name       I2C_start
  11            * @brief      I2C起始条件
  12            * @param      无
  13            * @retval     无
  14            */
  15          void I2C_start()
  16          {
  17   1              I2C_SDA = 1;
  18   1              I2C_SCL = 1;
  19   1              I2C_SDA = 0;
  20   1              I2C_SCL = 0;
  21   1      }
  22          
  23          /**
  24            * @name       I2C_stop
  25            * @brief      I2C停止条件
  26            * @param      无
  27            * @retval     无
  28            */
  29          void I2C_stop()
  30          {
  31   1              I2C_SDA = 0;
  32   1              I2C_SCL = 1;
  33   1              I2C_SDA = 1;
  34   1      }
  35          
  36          /**
  37            * @name       I2C_sendbyte
  38            * @brief      I2C发送一个字节
  39            * @param      byte 要发送的字节
  40            * @retval     无
  41            */
  42          void I2C_sendbyte(uchar byte)
  43          {
  44   1              uchar i;
  45   1              for(i = 0; i < 8; i++)
  46   1              {
  47   2                      I2C_SDA = byte&(0x80>>i);
  48   2                      I2C_SCL = 1;
  49   2                      I2C_SCL = 0;
  50   2              }
  51   1      }
  52          
  53          /**
  54            * @name       I2C_receivebyte
C51 COMPILER V9.59.0.0   I2C                                                               12/09/2022 23:14:07 PAGE 2   

  55            * @brief      I2C接收一个字节
  56            * @param      无
  57            * @retval     byte接受的字节
  58            */
  59          uchar I2C_receivebyte()
  60          {
  61   1              uchar i,byte=0x00;
  62   1              
  63   1              I2C_SDA = 1;
  64   1              for(i = 0; i < 8; i++)
  65   1              {
  66   2                      I2C_SCL = 1;
  67   2                      if(I2C_SDA) {byte |= (0x80>>i);}
  68   2                      I2C_SCL = 0;
  69   2              }       
  70   1              return byte;
  71   1      }
  72          
  73          /**
  74            * @name       I2C_sendack
  75            * @brief      I2C发送应答
  76            * @param      ackbit 应答位（0：应答；1：非应答）
  77            * @retval     无
  78            */
  79          void I2C_sendack(uchar ackbit)
  80          {
  81   1              I2C_SDA = ackbit;
  82   1              I2C_SCL = 1;
  83   1              I2C_SCL = 0;
  84   1      }
  85          
  86          /**
  87            * @name       I2C_receiveack
  88            * @brief      I2C接受应答
  89            * @param      无
  90            * @retval     ackbit 应答位（0：应答；1：非应答）
  91            */
  92          uchar I2C_receiveack()
  93          {
  94   1              uchar ackbit;
  95   1              I2C_SDA = 1;
  96   1              I2C_SCL = 1;
  97   1              ackbit = I2C_SDA;
  98   1              I2C_SCL = 0;
  99   1              return ackbit;
 100   1      }


MODULE INFORMATION:   STATIC OVERLAYABLE
   CODE SIZE        =    127    ----
   CONSTANT SIZE    =   ----    ----
   XDATA SIZE       =   ----    ----
   PDATA SIZE       =   ----    ----
   DATA SIZE        =   ----    ----
   IDATA SIZE       =   ----    ----
   BIT SIZE         =   ----    ----
END OF MODULE INFORMATION.


C51 COMPILATION COMPLETE.  0 WARNING(S),  0 ERROR(S)
